// Jest Snapshot v1, https://goo.gl/fbAQLP

exports[`FilterComp Should make the filter possible for default 1`] = `
Object {
  "asFragment": [Function],
  "baseElement": <body>
    <div>
      <div
        class="MuiFormControl-root  css-1nrlq1o-MuiFormControl-root"
      >
        <label
          class="MuiFormLabel-root MuiFormLabel-colorPrimary  filterLabel css-s6km2v-MuiFormLabel-root"
          id="demo-row-radio-buttons-group-label"
        >
          Status
        </label>
        <div
          aria-labelledby="demo-row-radio-buttons-group-label"
          class="MuiFormGroup-root MuiFormGroup-row  MuiRadioGroup-root MuiRadioGroup-row  css-tqkhgv-MuiFormGroup-root"
          role="radiogroup"
        >
          <label
            class="MuiFormControlLabel-root MuiFormControlLabel-labelPlacementEnd  css-j204z7-MuiFormControlLabel-root"
          >
            <span
              class="MuiButtonBase-root MuiRadio-root MuiRadio-colorPrimary   PrivateSwitchBase-root MuiRadio-root MuiRadio-colorPrimary   MuiRadio-root MuiRadio-colorPrimary  css-ezppyz-MuiButtonBase-root-MuiRadio-root"
            >
              <input
                class="PrivateSwitchBase-input  css-1m9pwf3"
                name="row-radio-buttons-group"
                type="radio"
                value="alive"
              />
              <span
                class="css-hyxlzm"
              >
                <svg
                  aria-hidden="true"
                  class="MuiSvgIcon-root MuiSvgIcon-fontSizeMedium  css-g6gxrt-MuiSvgIcon-root"
                  data-testid="RadioButtonUncheckedIcon"
                  focusable="false"
                  viewBox="0 0 24 24"
                >
                  <path
                    d="M12 2C6.48 2 2 6.48 2 12s4.48 10 10 10 10-4.48 10-10S17.52 2 12 2zm0 18c-4.42 0-8-3.58-8-8s3.58-8 8-8 8 3.58 8 8-3.58 8-8 8z"
                  />
                </svg>
                <svg
                  aria-hidden="true"
                  class="MuiSvgIcon-root MuiSvgIcon-fontSizeMedium  css-9s19z5-MuiSvgIcon-root"
                  data-testid="RadioButtonCheckedIcon"
                  focusable="false"
                  viewBox="0 0 24 24"
                >
                  <path
                    d="M8.465 8.465C9.37 7.56 10.62 7 12 7C14.76 7 17 9.24 17 12C17 13.38 16.44 14.63 15.535 15.535C14.63 16.44 13.38 17 12 17C9.24 17 7 14.76 7 12C7 10.62 7.56 9.37 8.465 8.465Z"
                  />
                </svg>
              </span>
            </span>
            <span
              class="MuiTypography-root MuiTypography-body1  MuiFormControlLabel-label  css-1edfpdg-MuiTypography-root"
            >
              Alive
            </span>
          </label>
          <label
            class="MuiFormControlLabel-root MuiFormControlLabel-labelPlacementEnd  css-j204z7-MuiFormControlLabel-root"
          >
            <span
              class="MuiButtonBase-root MuiRadio-root MuiRadio-colorPrimary   PrivateSwitchBase-root MuiRadio-root MuiRadio-colorPrimary   MuiRadio-root MuiRadio-colorPrimary  css-ezppyz-MuiButtonBase-root-MuiRadio-root"
            >
              <input
                class="PrivateSwitchBase-input  css-1m9pwf3"
                name="row-radio-buttons-group"
                type="radio"
                value="dead"
              />
              <span
                class="css-hyxlzm"
              >
                <svg
                  aria-hidden="true"
                  class="MuiSvgIcon-root MuiSvgIcon-fontSizeMedium  css-g6gxrt-MuiSvgIcon-root"
                  data-testid="RadioButtonUncheckedIcon"
                  focusable="false"
                  viewBox="0 0 24 24"
                >
                  <path
                    d="M12 2C6.48 2 2 6.48 2 12s4.48 10 10 10 10-4.48 10-10S17.52 2 12 2zm0 18c-4.42 0-8-3.58-8-8s3.58-8 8-8 8 3.58 8 8-3.58 8-8 8z"
                  />
                </svg>
                <svg
                  aria-hidden="true"
                  class="MuiSvgIcon-root MuiSvgIcon-fontSizeMedium  css-9s19z5-MuiSvgIcon-root"
                  data-testid="RadioButtonCheckedIcon"
                  focusable="false"
                  viewBox="0 0 24 24"
                >
                  <path
                    d="M8.465 8.465C9.37 7.56 10.62 7 12 7C14.76 7 17 9.24 17 12C17 13.38 16.44 14.63 15.535 15.535C14.63 16.44 13.38 17 12 17C9.24 17 7 14.76 7 12C7 10.62 7.56 9.37 8.465 8.465Z"
                  />
                </svg>
              </span>
            </span>
            <span
              class="MuiTypography-root MuiTypography-body1  MuiFormControlLabel-label  css-1edfpdg-MuiTypography-root"
            >
              Dead
            </span>
          </label>
          <label
            class="MuiFormControlLabel-root MuiFormControlLabel-labelPlacementEnd  css-j204z7-MuiFormControlLabel-root"
          >
            <span
              class="MuiButtonBase-root MuiRadio-root MuiRadio-colorPrimary   PrivateSwitchBase-root MuiRadio-root MuiRadio-colorPrimary   MuiRadio-root MuiRadio-colorPrimary  css-ezppyz-MuiButtonBase-root-MuiRadio-root"
            >
              <input
                class="PrivateSwitchBase-input  css-1m9pwf3"
                name="row-radio-buttons-group"
                type="radio"
                value="unknown"
              />
              <span
                class="css-hyxlzm"
              >
                <svg
                  aria-hidden="true"
                  class="MuiSvgIcon-root MuiSvgIcon-fontSizeMedium  css-g6gxrt-MuiSvgIcon-root"
                  data-testid="RadioButtonUncheckedIcon"
                  focusable="false"
                  viewBox="0 0 24 24"
                >
                  <path
                    d="M12 2C6.48 2 2 6.48 2 12s4.48 10 10 10 10-4.48 10-10S17.52 2 12 2zm0 18c-4.42 0-8-3.58-8-8s3.58-8 8-8 8 3.58 8 8-3.58 8-8 8z"
                  />
                </svg>
                <svg
                  aria-hidden="true"
                  class="MuiSvgIcon-root MuiSvgIcon-fontSizeMedium  css-9s19z5-MuiSvgIcon-root"
                  data-testid="RadioButtonCheckedIcon"
                  focusable="false"
                  viewBox="0 0 24 24"
                >
                  <path
                    d="M8.465 8.465C9.37 7.56 10.62 7 12 7C14.76 7 17 9.24 17 12C17 13.38 16.44 14.63 15.535 15.535C14.63 16.44 13.38 17 12 17C9.24 17 7 14.76 7 12C7 10.62 7.56 9.37 8.465 8.465Z"
                  />
                </svg>
              </span>
            </span>
            <span
              class="MuiTypography-root MuiTypography-body1  MuiFormControlLabel-label  css-1edfpdg-MuiTypography-root"
            >
              Unknown
            </span>
          </label>
          <label
            class="MuiFormControlLabel-root MuiFormControlLabel-labelPlacementEnd  css-j204z7-MuiFormControlLabel-root"
          >
            <span
              class="MuiButtonBase-root MuiRadio-root MuiRadio-colorPrimary   PrivateSwitchBase-root MuiRadio-root MuiRadio-colorPrimary   MuiRadio-root MuiRadio-colorPrimary  css-ezppyz-MuiButtonBase-root-MuiRadio-root"
            >
              <input
                class="PrivateSwitchBase-input  css-1m9pwf3"
                name="row-radio-buttons-group"
                type="radio"
                value=""
              />
              <span
                class="css-hyxlzm"
              >
                <svg
                  aria-hidden="true"
                  class="MuiSvgIcon-root MuiSvgIcon-fontSizeMedium  css-g6gxrt-MuiSvgIcon-root"
                  data-testid="RadioButtonUncheckedIcon"
                  focusable="false"
                  viewBox="0 0 24 24"
                >
                  <path
                    d="M12 2C6.48 2 2 6.48 2 12s4.48 10 10 10 10-4.48 10-10S17.52 2 12 2zm0 18c-4.42 0-8-3.58-8-8s3.58-8 8-8 8 3.58 8 8-3.58 8-8 8z"
                  />
                </svg>
                <svg
                  aria-hidden="true"
                  class="MuiSvgIcon-root MuiSvgIcon-fontSizeMedium  css-9s19z5-MuiSvgIcon-root"
                  data-testid="RadioButtonCheckedIcon"
                  focusable="false"
                  viewBox="0 0 24 24"
                >
                  <path
                    d="M8.465 8.465C9.37 7.56 10.62 7 12 7C14.76 7 17 9.24 17 12C17 13.38 16.44 14.63 15.535 15.535C14.63 16.44 13.38 17 12 17C9.24 17 7 14.76 7 12C7 10.62 7.56 9.37 8.465 8.465Z"
                  />
                </svg>
              </span>
            </span>
            <span
              class="MuiTypography-root MuiTypography-body1  MuiFormControlLabel-label  css-1edfpdg-MuiTypography-root"
            >
              Default
            </span>
          </label>
        </div>
      </div>
    </div>
  </body>,
  "container": <div>
    <div
      class="MuiFormControl-root  css-1nrlq1o-MuiFormControl-root"
    >
      <label
        class="MuiFormLabel-root MuiFormLabel-colorPrimary  filterLabel css-s6km2v-MuiFormLabel-root"
        id="demo-row-radio-buttons-group-label"
      >
        Status
      </label>
      <div
        aria-labelledby="demo-row-radio-buttons-group-label"
        class="MuiFormGroup-root MuiFormGroup-row  MuiRadioGroup-root MuiRadioGroup-row  css-tqkhgv-MuiFormGroup-root"
        role="radiogroup"
      >
        <label
          class="MuiFormControlLabel-root MuiFormControlLabel-labelPlacementEnd  css-j204z7-MuiFormControlLabel-root"
        >
          <span
            class="MuiButtonBase-root MuiRadio-root MuiRadio-colorPrimary   PrivateSwitchBase-root MuiRadio-root MuiRadio-colorPrimary   MuiRadio-root MuiRadio-colorPrimary  css-ezppyz-MuiButtonBase-root-MuiRadio-root"
          >
            <input
              class="PrivateSwitchBase-input  css-1m9pwf3"
              name="row-radio-buttons-group"
              type="radio"
              value="alive"
            />
            <span
              class="css-hyxlzm"
            >
              <svg
                aria-hidden="true"
                class="MuiSvgIcon-root MuiSvgIcon-fontSizeMedium  css-g6gxrt-MuiSvgIcon-root"
                data-testid="RadioButtonUncheckedIcon"
                focusable="false"
                viewBox="0 0 24 24"
              >
                <path
                  d="M12 2C6.48 2 2 6.48 2 12s4.48 10 10 10 10-4.48 10-10S17.52 2 12 2zm0 18c-4.42 0-8-3.58-8-8s3.58-8 8-8 8 3.58 8 8-3.58 8-8 8z"
                />
              </svg>
              <svg
                aria-hidden="true"
                class="MuiSvgIcon-root MuiSvgIcon-fontSizeMedium  css-9s19z5-MuiSvgIcon-root"
                data-testid="RadioButtonCheckedIcon"
                focusable="false"
                viewBox="0 0 24 24"
              >
                <path
                  d="M8.465 8.465C9.37 7.56 10.62 7 12 7C14.76 7 17 9.24 17 12C17 13.38 16.44 14.63 15.535 15.535C14.63 16.44 13.38 17 12 17C9.24 17 7 14.76 7 12C7 10.62 7.56 9.37 8.465 8.465Z"
                />
              </svg>
            </span>
          </span>
          <span
            class="MuiTypography-root MuiTypography-body1  MuiFormControlLabel-label  css-1edfpdg-MuiTypography-root"
          >
            Alive
          </span>
        </label>
        <label
          class="MuiFormControlLabel-root MuiFormControlLabel-labelPlacementEnd  css-j204z7-MuiFormControlLabel-root"
        >
          <span
            class="MuiButtonBase-root MuiRadio-root MuiRadio-colorPrimary   PrivateSwitchBase-root MuiRadio-root MuiRadio-colorPrimary   MuiRadio-root MuiRadio-colorPrimary  css-ezppyz-MuiButtonBase-root-MuiRadio-root"
          >
            <input
              class="PrivateSwitchBase-input  css-1m9pwf3"
              name="row-radio-buttons-group"
              type="radio"
              value="dead"
            />
            <span
              class="css-hyxlzm"
            >
              <svg
                aria-hidden="true"
                class="MuiSvgIcon-root MuiSvgIcon-fontSizeMedium  css-g6gxrt-MuiSvgIcon-root"
                data-testid="RadioButtonUncheckedIcon"
                focusable="false"
                viewBox="0 0 24 24"
              >
                <path
                  d="M12 2C6.48 2 2 6.48 2 12s4.48 10 10 10 10-4.48 10-10S17.52 2 12 2zm0 18c-4.42 0-8-3.58-8-8s3.58-8 8-8 8 3.58 8 8-3.58 8-8 8z"
                />
              </svg>
              <svg
                aria-hidden="true"
                class="MuiSvgIcon-root MuiSvgIcon-fontSizeMedium  css-9s19z5-MuiSvgIcon-root"
                data-testid="RadioButtonCheckedIcon"
                focusable="false"
                viewBox="0 0 24 24"
              >
                <path
                  d="M8.465 8.465C9.37 7.56 10.62 7 12 7C14.76 7 17 9.24 17 12C17 13.38 16.44 14.63 15.535 15.535C14.63 16.44 13.38 17 12 17C9.24 17 7 14.76 7 12C7 10.62 7.56 9.37 8.465 8.465Z"
                />
              </svg>
            </span>
          </span>
          <span
            class="MuiTypography-root MuiTypography-body1  MuiFormControlLabel-label  css-1edfpdg-MuiTypography-root"
          >
            Dead
          </span>
        </label>
        <label
          class="MuiFormControlLabel-root MuiFormControlLabel-labelPlacementEnd  css-j204z7-MuiFormControlLabel-root"
        >
          <span
            class="MuiButtonBase-root MuiRadio-root MuiRadio-colorPrimary   PrivateSwitchBase-root MuiRadio-root MuiRadio-colorPrimary   MuiRadio-root MuiRadio-colorPrimary  css-ezppyz-MuiButtonBase-root-MuiRadio-root"
          >
            <input
              class="PrivateSwitchBase-input  css-1m9pwf3"
              name="row-radio-buttons-group"
              type="radio"
              value="unknown"
            />
            <span
              class="css-hyxlzm"
            >
              <svg
                aria-hidden="true"
                class="MuiSvgIcon-root MuiSvgIcon-fontSizeMedium  css-g6gxrt-MuiSvgIcon-root"
                data-testid="RadioButtonUncheckedIcon"
                focusable="false"
                viewBox="0 0 24 24"
              >
                <path
                  d="M12 2C6.48 2 2 6.48 2 12s4.48 10 10 10 10-4.48 10-10S17.52 2 12 2zm0 18c-4.42 0-8-3.58-8-8s3.58-8 8-8 8 3.58 8 8-3.58 8-8 8z"
                />
              </svg>
              <svg
                aria-hidden="true"
                class="MuiSvgIcon-root MuiSvgIcon-fontSizeMedium  css-9s19z5-MuiSvgIcon-root"
                data-testid="RadioButtonCheckedIcon"
                focusable="false"
                viewBox="0 0 24 24"
              >
                <path
                  d="M8.465 8.465C9.37 7.56 10.62 7 12 7C14.76 7 17 9.24 17 12C17 13.38 16.44 14.63 15.535 15.535C14.63 16.44 13.38 17 12 17C9.24 17 7 14.76 7 12C7 10.62 7.56 9.37 8.465 8.465Z"
                />
              </svg>
            </span>
          </span>
          <span
            class="MuiTypography-root MuiTypography-body1  MuiFormControlLabel-label  css-1edfpdg-MuiTypography-root"
          >
            Unknown
          </span>
        </label>
        <label
          class="MuiFormControlLabel-root MuiFormControlLabel-labelPlacementEnd  css-j204z7-MuiFormControlLabel-root"
        >
          <span
            class="MuiButtonBase-root MuiRadio-root MuiRadio-colorPrimary   PrivateSwitchBase-root MuiRadio-root MuiRadio-colorPrimary   MuiRadio-root MuiRadio-colorPrimary  css-ezppyz-MuiButtonBase-root-MuiRadio-root"
          >
            <input
              class="PrivateSwitchBase-input  css-1m9pwf3"
              name="row-radio-buttons-group"
              type="radio"
              value=""
            />
            <span
              class="css-hyxlzm"
            >
              <svg
                aria-hidden="true"
                class="MuiSvgIcon-root MuiSvgIcon-fontSizeMedium  css-g6gxrt-MuiSvgIcon-root"
                data-testid="RadioButtonUncheckedIcon"
                focusable="false"
                viewBox="0 0 24 24"
              >
                <path
                  d="M12 2C6.48 2 2 6.48 2 12s4.48 10 10 10 10-4.48 10-10S17.52 2 12 2zm0 18c-4.42 0-8-3.58-8-8s3.58-8 8-8 8 3.58 8 8-3.58 8-8 8z"
                />
              </svg>
              <svg
                aria-hidden="true"
                class="MuiSvgIcon-root MuiSvgIcon-fontSizeMedium  css-9s19z5-MuiSvgIcon-root"
                data-testid="RadioButtonCheckedIcon"
                focusable="false"
                viewBox="0 0 24 24"
              >
                <path
                  d="M8.465 8.465C9.37 7.56 10.62 7 12 7C14.76 7 17 9.24 17 12C17 13.38 16.44 14.63 15.535 15.535C14.63 16.44 13.38 17 12 17C9.24 17 7 14.76 7 12C7 10.62 7.56 9.37 8.465 8.465Z"
                />
              </svg>
            </span>
          </span>
          <span
            class="MuiTypography-root MuiTypography-body1  MuiFormControlLabel-label  css-1edfpdg-MuiTypography-root"
          >
            Default
          </span>
        </label>
      </div>
    </div>
  </div>,
  "debug": [Function],
  "findAllByAltText": [Function],
  "findAllByDisplayValue": [Function],
  "findAllByLabelText": [Function],
  "findAllByPlaceholderText": [Function],
  "findAllByRole": [Function],
  "findAllByTestId": [Function],
  "findAllByText": [Function],
  "findAllByTitle": [Function],
  "findByAltText": [Function],
  "findByDisplayValue": [Function],
  "findByLabelText": [Function],
  "findByPlaceholderText": [Function],
  "findByRole": [Function],
  "findByTestId": [Function],
  "findByText": [Function],
  "findByTitle": [Function],
  "getAllByAltText": [Function],
  "getAllByDisplayValue": [Function],
  "getAllByLabelText": [Function],
  "getAllByPlaceholderText": [Function],
  "getAllByRole": [Function],
  "getAllByTestId": [Function],
  "getAllByText": [Function],
  "getAllByTitle": [Function],
  "getByAltText": [Function],
  "getByDisplayValue": [Function],
  "getByLabelText": [Function],
  "getByPlaceholderText": [Function],
  "getByRole": [Function],
  "getByTestId": [Function],
  "getByText": [Function],
  "getByTitle": [Function],
  "queryAllByAltText": [Function],
  "queryAllByDisplayValue": [Function],
  "queryAllByLabelText": [Function],
  "queryAllByPlaceholderText": [Function],
  "queryAllByRole": [Function],
  "queryAllByTestId": [Function],
  "queryAllByText": [Function],
  "queryAllByTitle": [Function],
  "queryByAltText": [Function],
  "queryByDisplayValue": [Function],
  "queryByLabelText": [Function],
  "queryByPlaceholderText": [Function],
  "queryByRole": [Function],
  "queryByTestId": [Function],
  "queryByText": [Function],
  "queryByTitle": [Function],
  "rerender": [Function],
  "unmount": [Function],
}
`;

exports[`FilterComp Should make the filter possible for the "alive" option 1`] = `
Object {
  "asFragment": [Function],
  "baseElement": <body>
    <div>
      <div
        class="MuiFormControl-root  css-1nrlq1o-MuiFormControl-root"
      >
        <label
          class="MuiFormLabel-root MuiFormLabel-colorPrimary  filterLabel css-s6km2v-MuiFormLabel-root"
          id="demo-row-radio-buttons-group-label"
        >
          Status
        </label>
        <div
          aria-labelledby="demo-row-radio-buttons-group-label"
          class="MuiFormGroup-root MuiFormGroup-row  MuiRadioGroup-root MuiRadioGroup-row  css-tqkhgv-MuiFormGroup-root"
          role="radiogroup"
        >
          <label
            class="MuiFormControlLabel-root MuiFormControlLabel-labelPlacementEnd  css-j204z7-MuiFormControlLabel-root"
          >
            <span
              class="MuiButtonBase-root MuiRadio-root MuiRadio-colorPrimary   PrivateSwitchBase-root MuiRadio-root MuiRadio-colorPrimary   MuiRadio-root MuiRadio-colorPrimary  css-ezppyz-MuiButtonBase-root-MuiRadio-root"
            >
              <input
                class="PrivateSwitchBase-input  css-1m9pwf3"
                name="row-radio-buttons-group"
                type="radio"
                value="alive"
              />
              <span
                class="css-hyxlzm"
              >
                <svg
                  aria-hidden="true"
                  class="MuiSvgIcon-root MuiSvgIcon-fontSizeMedium  css-g6gxrt-MuiSvgIcon-root"
                  data-testid="RadioButtonUncheckedIcon"
                  focusable="false"
                  viewBox="0 0 24 24"
                >
                  <path
                    d="M12 2C6.48 2 2 6.48 2 12s4.48 10 10 10 10-4.48 10-10S17.52 2 12 2zm0 18c-4.42 0-8-3.58-8-8s3.58-8 8-8 8 3.58 8 8-3.58 8-8 8z"
                  />
                </svg>
                <svg
                  aria-hidden="true"
                  class="MuiSvgIcon-root MuiSvgIcon-fontSizeMedium  css-9s19z5-MuiSvgIcon-root"
                  data-testid="RadioButtonCheckedIcon"
                  focusable="false"
                  viewBox="0 0 24 24"
                >
                  <path
                    d="M8.465 8.465C9.37 7.56 10.62 7 12 7C14.76 7 17 9.24 17 12C17 13.38 16.44 14.63 15.535 15.535C14.63 16.44 13.38 17 12 17C9.24 17 7 14.76 7 12C7 10.62 7.56 9.37 8.465 8.465Z"
                  />
                </svg>
              </span>
            </span>
            <span
              class="MuiTypography-root MuiTypography-body1  MuiFormControlLabel-label  css-1edfpdg-MuiTypography-root"
            >
              Alive
            </span>
          </label>
          <label
            class="MuiFormControlLabel-root MuiFormControlLabel-labelPlacementEnd  css-j204z7-MuiFormControlLabel-root"
          >
            <span
              class="MuiButtonBase-root MuiRadio-root MuiRadio-colorPrimary   PrivateSwitchBase-root MuiRadio-root MuiRadio-colorPrimary   MuiRadio-root MuiRadio-colorPrimary  css-ezppyz-MuiButtonBase-root-MuiRadio-root"
            >
              <input
                class="PrivateSwitchBase-input  css-1m9pwf3"
                name="row-radio-buttons-group"
                type="radio"
                value="dead"
              />
              <span
                class="css-hyxlzm"
              >
                <svg
                  aria-hidden="true"
                  class="MuiSvgIcon-root MuiSvgIcon-fontSizeMedium  css-g6gxrt-MuiSvgIcon-root"
                  data-testid="RadioButtonUncheckedIcon"
                  focusable="false"
                  viewBox="0 0 24 24"
                >
                  <path
                    d="M12 2C6.48 2 2 6.48 2 12s4.48 10 10 10 10-4.48 10-10S17.52 2 12 2zm0 18c-4.42 0-8-3.58-8-8s3.58-8 8-8 8 3.58 8 8-3.58 8-8 8z"
                  />
                </svg>
                <svg
                  aria-hidden="true"
                  class="MuiSvgIcon-root MuiSvgIcon-fontSizeMedium  css-9s19z5-MuiSvgIcon-root"
                  data-testid="RadioButtonCheckedIcon"
                  focusable="false"
                  viewBox="0 0 24 24"
                >
                  <path
                    d="M8.465 8.465C9.37 7.56 10.62 7 12 7C14.76 7 17 9.24 17 12C17 13.38 16.44 14.63 15.535 15.535C14.63 16.44 13.38 17 12 17C9.24 17 7 14.76 7 12C7 10.62 7.56 9.37 8.465 8.465Z"
                  />
                </svg>
              </span>
            </span>
            <span
              class="MuiTypography-root MuiTypography-body1  MuiFormControlLabel-label  css-1edfpdg-MuiTypography-root"
            >
              Dead
            </span>
          </label>
          <label
            class="MuiFormControlLabel-root MuiFormControlLabel-labelPlacementEnd  css-j204z7-MuiFormControlLabel-root"
          >
            <span
              class="MuiButtonBase-root MuiRadio-root MuiRadio-colorPrimary   PrivateSwitchBase-root MuiRadio-root MuiRadio-colorPrimary   MuiRadio-root MuiRadio-colorPrimary  css-ezppyz-MuiButtonBase-root-MuiRadio-root"
            >
              <input
                class="PrivateSwitchBase-input  css-1m9pwf3"
                name="row-radio-buttons-group"
                type="radio"
                value="unknown"
              />
              <span
                class="css-hyxlzm"
              >
                <svg
                  aria-hidden="true"
                  class="MuiSvgIcon-root MuiSvgIcon-fontSizeMedium  css-g6gxrt-MuiSvgIcon-root"
                  data-testid="RadioButtonUncheckedIcon"
                  focusable="false"
                  viewBox="0 0 24 24"
                >
                  <path
                    d="M12 2C6.48 2 2 6.48 2 12s4.48 10 10 10 10-4.48 10-10S17.52 2 12 2zm0 18c-4.42 0-8-3.58-8-8s3.58-8 8-8 8 3.58 8 8-3.58 8-8 8z"
                  />
                </svg>
                <svg
                  aria-hidden="true"
                  class="MuiSvgIcon-root MuiSvgIcon-fontSizeMedium  css-9s19z5-MuiSvgIcon-root"
                  data-testid="RadioButtonCheckedIcon"
                  focusable="false"
                  viewBox="0 0 24 24"
                >
                  <path
                    d="M8.465 8.465C9.37 7.56 10.62 7 12 7C14.76 7 17 9.24 17 12C17 13.38 16.44 14.63 15.535 15.535C14.63 16.44 13.38 17 12 17C9.24 17 7 14.76 7 12C7 10.62 7.56 9.37 8.465 8.465Z"
                  />
                </svg>
              </span>
            </span>
            <span
              class="MuiTypography-root MuiTypography-body1  MuiFormControlLabel-label  css-1edfpdg-MuiTypography-root"
            >
              Unknown
            </span>
          </label>
          <label
            class="MuiFormControlLabel-root MuiFormControlLabel-labelPlacementEnd  css-j204z7-MuiFormControlLabel-root"
          >
            <span
              class="MuiButtonBase-root MuiRadio-root MuiRadio-colorPrimary   PrivateSwitchBase-root MuiRadio-root MuiRadio-colorPrimary   MuiRadio-root MuiRadio-colorPrimary  css-ezppyz-MuiButtonBase-root-MuiRadio-root"
            >
              <input
                class="PrivateSwitchBase-input  css-1m9pwf3"
                name="row-radio-buttons-group"
                type="radio"
                value=""
              />
              <span
                class="css-hyxlzm"
              >
                <svg
                  aria-hidden="true"
                  class="MuiSvgIcon-root MuiSvgIcon-fontSizeMedium  css-g6gxrt-MuiSvgIcon-root"
                  data-testid="RadioButtonUncheckedIcon"
                  focusable="false"
                  viewBox="0 0 24 24"
                >
                  <path
                    d="M12 2C6.48 2 2 6.48 2 12s4.48 10 10 10 10-4.48 10-10S17.52 2 12 2zm0 18c-4.42 0-8-3.58-8-8s3.58-8 8-8 8 3.58 8 8-3.58 8-8 8z"
                  />
                </svg>
                <svg
                  aria-hidden="true"
                  class="MuiSvgIcon-root MuiSvgIcon-fontSizeMedium  css-9s19z5-MuiSvgIcon-root"
                  data-testid="RadioButtonCheckedIcon"
                  focusable="false"
                  viewBox="0 0 24 24"
                >
                  <path
                    d="M8.465 8.465C9.37 7.56 10.62 7 12 7C14.76 7 17 9.24 17 12C17 13.38 16.44 14.63 15.535 15.535C14.63 16.44 13.38 17 12 17C9.24 17 7 14.76 7 12C7 10.62 7.56 9.37 8.465 8.465Z"
                  />
                </svg>
              </span>
            </span>
            <span
              class="MuiTypography-root MuiTypography-body1  MuiFormControlLabel-label  css-1edfpdg-MuiTypography-root"
            >
              Default
            </span>
          </label>
        </div>
      </div>
    </div>
  </body>,
  "container": <div>
    <div
      class="MuiFormControl-root  css-1nrlq1o-MuiFormControl-root"
    >
      <label
        class="MuiFormLabel-root MuiFormLabel-colorPrimary  filterLabel css-s6km2v-MuiFormLabel-root"
        id="demo-row-radio-buttons-group-label"
      >
        Status
      </label>
      <div
        aria-labelledby="demo-row-radio-buttons-group-label"
        class="MuiFormGroup-root MuiFormGroup-row  MuiRadioGroup-root MuiRadioGroup-row  css-tqkhgv-MuiFormGroup-root"
        role="radiogroup"
      >
        <label
          class="MuiFormControlLabel-root MuiFormControlLabel-labelPlacementEnd  css-j204z7-MuiFormControlLabel-root"
        >
          <span
            class="MuiButtonBase-root MuiRadio-root MuiRadio-colorPrimary   PrivateSwitchBase-root MuiRadio-root MuiRadio-colorPrimary   MuiRadio-root MuiRadio-colorPrimary  css-ezppyz-MuiButtonBase-root-MuiRadio-root"
          >
            <input
              class="PrivateSwitchBase-input  css-1m9pwf3"
              name="row-radio-buttons-group"
              type="radio"
              value="alive"
            />
            <span
              class="css-hyxlzm"
            >
              <svg
                aria-hidden="true"
                class="MuiSvgIcon-root MuiSvgIcon-fontSizeMedium  css-g6gxrt-MuiSvgIcon-root"
                data-testid="RadioButtonUncheckedIcon"
                focusable="false"
                viewBox="0 0 24 24"
              >
                <path
                  d="M12 2C6.48 2 2 6.48 2 12s4.48 10 10 10 10-4.48 10-10S17.52 2 12 2zm0 18c-4.42 0-8-3.58-8-8s3.58-8 8-8 8 3.58 8 8-3.58 8-8 8z"
                />
              </svg>
              <svg
                aria-hidden="true"
                class="MuiSvgIcon-root MuiSvgIcon-fontSizeMedium  css-9s19z5-MuiSvgIcon-root"
                data-testid="RadioButtonCheckedIcon"
                focusable="false"
                viewBox="0 0 24 24"
              >
                <path
                  d="M8.465 8.465C9.37 7.56 10.62 7 12 7C14.76 7 17 9.24 17 12C17 13.38 16.44 14.63 15.535 15.535C14.63 16.44 13.38 17 12 17C9.24 17 7 14.76 7 12C7 10.62 7.56 9.37 8.465 8.465Z"
                />
              </svg>
            </span>
          </span>
          <span
            class="MuiTypography-root MuiTypography-body1  MuiFormControlLabel-label  css-1edfpdg-MuiTypography-root"
          >
            Alive
          </span>
        </label>
        <label
          class="MuiFormControlLabel-root MuiFormControlLabel-labelPlacementEnd  css-j204z7-MuiFormControlLabel-root"
        >
          <span
            class="MuiButtonBase-root MuiRadio-root MuiRadio-colorPrimary   PrivateSwitchBase-root MuiRadio-root MuiRadio-colorPrimary   MuiRadio-root MuiRadio-colorPrimary  css-ezppyz-MuiButtonBase-root-MuiRadio-root"
          >
            <input
              class="PrivateSwitchBase-input  css-1m9pwf3"
              name="row-radio-buttons-group"
              type="radio"
              value="dead"
            />
            <span
              class="css-hyxlzm"
            >
              <svg
                aria-hidden="true"
                class="MuiSvgIcon-root MuiSvgIcon-fontSizeMedium  css-g6gxrt-MuiSvgIcon-root"
                data-testid="RadioButtonUncheckedIcon"
                focusable="false"
                viewBox="0 0 24 24"
              >
                <path
                  d="M12 2C6.48 2 2 6.48 2 12s4.48 10 10 10 10-4.48 10-10S17.52 2 12 2zm0 18c-4.42 0-8-3.58-8-8s3.58-8 8-8 8 3.58 8 8-3.58 8-8 8z"
                />
              </svg>
              <svg
                aria-hidden="true"
                class="MuiSvgIcon-root MuiSvgIcon-fontSizeMedium  css-9s19z5-MuiSvgIcon-root"
                data-testid="RadioButtonCheckedIcon"
                focusable="false"
                viewBox="0 0 24 24"
              >
                <path
                  d="M8.465 8.465C9.37 7.56 10.62 7 12 7C14.76 7 17 9.24 17 12C17 13.38 16.44 14.63 15.535 15.535C14.63 16.44 13.38 17 12 17C9.24 17 7 14.76 7 12C7 10.62 7.56 9.37 8.465 8.465Z"
                />
              </svg>
            </span>
          </span>
          <span
            class="MuiTypography-root MuiTypography-body1  MuiFormControlLabel-label  css-1edfpdg-MuiTypography-root"
          >
            Dead
          </span>
        </label>
        <label
          class="MuiFormControlLabel-root MuiFormControlLabel-labelPlacementEnd  css-j204z7-MuiFormControlLabel-root"
        >
          <span
            class="MuiButtonBase-root MuiRadio-root MuiRadio-colorPrimary   PrivateSwitchBase-root MuiRadio-root MuiRadio-colorPrimary   MuiRadio-root MuiRadio-colorPrimary  css-ezppyz-MuiButtonBase-root-MuiRadio-root"
          >
            <input
              class="PrivateSwitchBase-input  css-1m9pwf3"
              name="row-radio-buttons-group"
              type="radio"
              value="unknown"
            />
            <span
              class="css-hyxlzm"
            >
              <svg
                aria-hidden="true"
                class="MuiSvgIcon-root MuiSvgIcon-fontSizeMedium  css-g6gxrt-MuiSvgIcon-root"
                data-testid="RadioButtonUncheckedIcon"
                focusable="false"
                viewBox="0 0 24 24"
              >
                <path
                  d="M12 2C6.48 2 2 6.48 2 12s4.48 10 10 10 10-4.48 10-10S17.52 2 12 2zm0 18c-4.42 0-8-3.58-8-8s3.58-8 8-8 8 3.58 8 8-3.58 8-8 8z"
                />
              </svg>
              <svg
                aria-hidden="true"
                class="MuiSvgIcon-root MuiSvgIcon-fontSizeMedium  css-9s19z5-MuiSvgIcon-root"
                data-testid="RadioButtonCheckedIcon"
                focusable="false"
                viewBox="0 0 24 24"
              >
                <path
                  d="M8.465 8.465C9.37 7.56 10.62 7 12 7C14.76 7 17 9.24 17 12C17 13.38 16.44 14.63 15.535 15.535C14.63 16.44 13.38 17 12 17C9.24 17 7 14.76 7 12C7 10.62 7.56 9.37 8.465 8.465Z"
                />
              </svg>
            </span>
          </span>
          <span
            class="MuiTypography-root MuiTypography-body1  MuiFormControlLabel-label  css-1edfpdg-MuiTypography-root"
          >
            Unknown
          </span>
        </label>
        <label
          class="MuiFormControlLabel-root MuiFormControlLabel-labelPlacementEnd  css-j204z7-MuiFormControlLabel-root"
        >
          <span
            class="MuiButtonBase-root MuiRadio-root MuiRadio-colorPrimary   PrivateSwitchBase-root MuiRadio-root MuiRadio-colorPrimary   MuiRadio-root MuiRadio-colorPrimary  css-ezppyz-MuiButtonBase-root-MuiRadio-root"
          >
            <input
              class="PrivateSwitchBase-input  css-1m9pwf3"
              name="row-radio-buttons-group"
              type="radio"
              value=""
            />
            <span
              class="css-hyxlzm"
            >
              <svg
                aria-hidden="true"
                class="MuiSvgIcon-root MuiSvgIcon-fontSizeMedium  css-g6gxrt-MuiSvgIcon-root"
                data-testid="RadioButtonUncheckedIcon"
                focusable="false"
                viewBox="0 0 24 24"
              >
                <path
                  d="M12 2C6.48 2 2 6.48 2 12s4.48 10 10 10 10-4.48 10-10S17.52 2 12 2zm0 18c-4.42 0-8-3.58-8-8s3.58-8 8-8 8 3.58 8 8-3.58 8-8 8z"
                />
              </svg>
              <svg
                aria-hidden="true"
                class="MuiSvgIcon-root MuiSvgIcon-fontSizeMedium  css-9s19z5-MuiSvgIcon-root"
                data-testid="RadioButtonCheckedIcon"
                focusable="false"
                viewBox="0 0 24 24"
              >
                <path
                  d="M8.465 8.465C9.37 7.56 10.62 7 12 7C14.76 7 17 9.24 17 12C17 13.38 16.44 14.63 15.535 15.535C14.63 16.44 13.38 17 12 17C9.24 17 7 14.76 7 12C7 10.62 7.56 9.37 8.465 8.465Z"
                />
              </svg>
            </span>
          </span>
          <span
            class="MuiTypography-root MuiTypography-body1  MuiFormControlLabel-label  css-1edfpdg-MuiTypography-root"
          >
            Default
          </span>
        </label>
      </div>
    </div>
  </div>,
  "debug": [Function],
  "findAllByAltText": [Function],
  "findAllByDisplayValue": [Function],
  "findAllByLabelText": [Function],
  "findAllByPlaceholderText": [Function],
  "findAllByRole": [Function],
  "findAllByTestId": [Function],
  "findAllByText": [Function],
  "findAllByTitle": [Function],
  "findByAltText": [Function],
  "findByDisplayValue": [Function],
  "findByLabelText": [Function],
  "findByPlaceholderText": [Function],
  "findByRole": [Function],
  "findByTestId": [Function],
  "findByText": [Function],
  "findByTitle": [Function],
  "getAllByAltText": [Function],
  "getAllByDisplayValue": [Function],
  "getAllByLabelText": [Function],
  "getAllByPlaceholderText": [Function],
  "getAllByRole": [Function],
  "getAllByTestId": [Function],
  "getAllByText": [Function],
  "getAllByTitle": [Function],
  "getByAltText": [Function],
  "getByDisplayValue": [Function],
  "getByLabelText": [Function],
  "getByPlaceholderText": [Function],
  "getByRole": [Function],
  "getByTestId": [Function],
  "getByText": [Function],
  "getByTitle": [Function],
  "queryAllByAltText": [Function],
  "queryAllByDisplayValue": [Function],
  "queryAllByLabelText": [Function],
  "queryAllByPlaceholderText": [Function],
  "queryAllByRole": [Function],
  "queryAllByTestId": [Function],
  "queryAllByText": [Function],
  "queryAllByTitle": [Function],
  "queryByAltText": [Function],
  "queryByDisplayValue": [Function],
  "queryByLabelText": [Function],
  "queryByPlaceholderText": [Function],
  "queryByRole": [Function],
  "queryByTestId": [Function],
  "queryByText": [Function],
  "queryByTitle": [Function],
  "rerender": [Function],
  "unmount": [Function],
}
`;
