// Jest Snapshot v1, https://goo.gl/fbAQLP

exports[`PaginationComp Should change the page number to second(2) 1`] = `
Object {
  "asFragment": [Function],
  "baseElement": <body>
    <div>
      <nav
        aria-label="pagination navigation"
        class="MuiPagination-root MuiPagination-text  css-1oj2twp-MuiPagination-root"
      >
        <ul
          class="MuiPagination-ul  css-wjh20t-MuiPagination-ul"
        >
          <li>
            <button
              aria-label="Go to previous page"
              class="MuiButtonBase-root Mui-disabled  MuiPaginationItem-root MuiPaginationItem-sizeMedium MuiPaginationItem-text MuiPaginationItem-circular Mui-disabled MuiPaginationItem-previousNext  css-q7jpt8-MuiButtonBase-root-MuiPaginationItem-root"
              disabled=""
              tabindex="-1"
              type="button"
            >
              <svg
                aria-hidden="true"
                class="MuiSvgIcon-root MuiSvgIcon-fontSizeMedium  MuiPaginationItem-icon  css-l65soe-MuiSvgIcon-root-MuiPaginationItem-icon"
                data-testid="NavigateBeforeIcon"
                focusable="false"
                viewBox="0 0 24 24"
              >
                <path
                  d="M15.41 7.41L14 6l-6 6 6 6 1.41-1.41L10.83 12z"
                />
              </svg>
            </button>
          </li>
          <li>
            <button
              aria-current="true"
              aria-label="page 1"
              class="MuiButtonBase-root  MuiPaginationItem-root MuiPaginationItem-sizeMedium MuiPaginationItem-text MuiPaginationItem-circular Mui-selected MuiPaginationItem-page  css-q7jpt8-MuiButtonBase-root-MuiPaginationItem-root"
              tabindex="0"
              type="button"
            >
              1
            </button>
          </li>
          <li>
            <button
              aria-label="Go to next page"
              class="MuiButtonBase-root Mui-disabled  MuiPaginationItem-root MuiPaginationItem-sizeMedium MuiPaginationItem-text MuiPaginationItem-circular Mui-disabled MuiPaginationItem-previousNext  css-q7jpt8-MuiButtonBase-root-MuiPaginationItem-root"
              disabled=""
              tabindex="-1"
              type="button"
            >
              <svg
                aria-hidden="true"
                class="MuiSvgIcon-root MuiSvgIcon-fontSizeMedium  MuiPaginationItem-icon  css-l65soe-MuiSvgIcon-root-MuiPaginationItem-icon"
                data-testid="NavigateNextIcon"
                focusable="false"
                viewBox="0 0 24 24"
              >
                <path
                  d="M10 6L8.59 7.41 13.17 12l-4.58 4.59L10 18l6-6z"
                />
              </svg>
            </button>
          </li>
        </ul>
      </nav>
    </div>
  </body>,
  "container": <div>
    <nav
      aria-label="pagination navigation"
      class="MuiPagination-root MuiPagination-text  css-1oj2twp-MuiPagination-root"
    >
      <ul
        class="MuiPagination-ul  css-wjh20t-MuiPagination-ul"
      >
        <li>
          <button
            aria-label="Go to previous page"
            class="MuiButtonBase-root Mui-disabled  MuiPaginationItem-root MuiPaginationItem-sizeMedium MuiPaginationItem-text MuiPaginationItem-circular Mui-disabled MuiPaginationItem-previousNext  css-q7jpt8-MuiButtonBase-root-MuiPaginationItem-root"
            disabled=""
            tabindex="-1"
            type="button"
          >
            <svg
              aria-hidden="true"
              class="MuiSvgIcon-root MuiSvgIcon-fontSizeMedium  MuiPaginationItem-icon  css-l65soe-MuiSvgIcon-root-MuiPaginationItem-icon"
              data-testid="NavigateBeforeIcon"
              focusable="false"
              viewBox="0 0 24 24"
            >
              <path
                d="M15.41 7.41L14 6l-6 6 6 6 1.41-1.41L10.83 12z"
              />
            </svg>
          </button>
        </li>
        <li>
          <button
            aria-current="true"
            aria-label="page 1"
            class="MuiButtonBase-root  MuiPaginationItem-root MuiPaginationItem-sizeMedium MuiPaginationItem-text MuiPaginationItem-circular Mui-selected MuiPaginationItem-page  css-q7jpt8-MuiButtonBase-root-MuiPaginationItem-root"
            tabindex="0"
            type="button"
          >
            1
          </button>
        </li>
        <li>
          <button
            aria-label="Go to next page"
            class="MuiButtonBase-root Mui-disabled  MuiPaginationItem-root MuiPaginationItem-sizeMedium MuiPaginationItem-text MuiPaginationItem-circular Mui-disabled MuiPaginationItem-previousNext  css-q7jpt8-MuiButtonBase-root-MuiPaginationItem-root"
            disabled=""
            tabindex="-1"
            type="button"
          >
            <svg
              aria-hidden="true"
              class="MuiSvgIcon-root MuiSvgIcon-fontSizeMedium  MuiPaginationItem-icon  css-l65soe-MuiSvgIcon-root-MuiPaginationItem-icon"
              data-testid="NavigateNextIcon"
              focusable="false"
              viewBox="0 0 24 24"
            >
              <path
                d="M10 6L8.59 7.41 13.17 12l-4.58 4.59L10 18l6-6z"
              />
            </svg>
          </button>
        </li>
      </ul>
    </nav>
  </div>,
  "debug": [Function],
  "findAllByAltText": [Function],
  "findAllByDisplayValue": [Function],
  "findAllByLabelText": [Function],
  "findAllByPlaceholderText": [Function],
  "findAllByRole": [Function],
  "findAllByTestId": [Function],
  "findAllByText": [Function],
  "findAllByTitle": [Function],
  "findByAltText": [Function],
  "findByDisplayValue": [Function],
  "findByLabelText": [Function],
  "findByPlaceholderText": [Function],
  "findByRole": [Function],
  "findByTestId": [Function],
  "findByText": [Function],
  "findByTitle": [Function],
  "getAllByAltText": [Function],
  "getAllByDisplayValue": [Function],
  "getAllByLabelText": [Function],
  "getAllByPlaceholderText": [Function],
  "getAllByRole": [Function],
  "getAllByTestId": [Function],
  "getAllByText": [Function],
  "getAllByTitle": [Function],
  "getByAltText": [Function],
  "getByDisplayValue": [Function],
  "getByLabelText": [Function],
  "getByPlaceholderText": [Function],
  "getByRole": [Function],
  "getByTestId": [Function],
  "getByText": [Function],
  "getByTitle": [Function],
  "queryAllByAltText": [Function],
  "queryAllByDisplayValue": [Function],
  "queryAllByLabelText": [Function],
  "queryAllByPlaceholderText": [Function],
  "queryAllByRole": [Function],
  "queryAllByTestId": [Function],
  "queryAllByText": [Function],
  "queryAllByTitle": [Function],
  "queryByAltText": [Function],
  "queryByDisplayValue": [Function],
  "queryByLabelText": [Function],
  "queryByPlaceholderText": [Function],
  "queryByRole": [Function],
  "queryByTestId": [Function],
  "queryByText": [Function],
  "queryByTitle": [Function],
  "rerender": [Function],
  "unmount": [Function],
}
`;

exports[`PaginationComp Should make the pagination possible for heroes list 1`] = `
Object {
  "asFragment": [Function],
  "baseElement": <body>
    <div>
      <nav
        aria-label="pagination navigation"
        class="MuiPagination-root MuiPagination-text  css-1oj2twp-MuiPagination-root"
      >
        <ul
          class="MuiPagination-ul  css-wjh20t-MuiPagination-ul"
        >
          <li>
            <button
              aria-label="Go to previous page"
              class="MuiButtonBase-root Mui-disabled  MuiPaginationItem-root MuiPaginationItem-sizeMedium MuiPaginationItem-text MuiPaginationItem-circular Mui-disabled MuiPaginationItem-previousNext  css-q7jpt8-MuiButtonBase-root-MuiPaginationItem-root"
              disabled=""
              tabindex="-1"
              type="button"
            >
              <svg
                aria-hidden="true"
                class="MuiSvgIcon-root MuiSvgIcon-fontSizeMedium  MuiPaginationItem-icon  css-l65soe-MuiSvgIcon-root-MuiPaginationItem-icon"
                data-testid="NavigateBeforeIcon"
                focusable="false"
                viewBox="0 0 24 24"
              >
                <path
                  d="M15.41 7.41L14 6l-6 6 6 6 1.41-1.41L10.83 12z"
                />
              </svg>
            </button>
          </li>
          <li>
            <button
              aria-current="true"
              aria-label="page 1"
              class="MuiButtonBase-root  MuiPaginationItem-root MuiPaginationItem-sizeMedium MuiPaginationItem-text MuiPaginationItem-circular Mui-selected MuiPaginationItem-page  css-q7jpt8-MuiButtonBase-root-MuiPaginationItem-root"
              tabindex="0"
              type="button"
            >
              1
            </button>
          </li>
          <li>
            <button
              aria-label="Go to next page"
              class="MuiButtonBase-root Mui-disabled  MuiPaginationItem-root MuiPaginationItem-sizeMedium MuiPaginationItem-text MuiPaginationItem-circular Mui-disabled MuiPaginationItem-previousNext  css-q7jpt8-MuiButtonBase-root-MuiPaginationItem-root"
              disabled=""
              tabindex="-1"
              type="button"
            >
              <svg
                aria-hidden="true"
                class="MuiSvgIcon-root MuiSvgIcon-fontSizeMedium  MuiPaginationItem-icon  css-l65soe-MuiSvgIcon-root-MuiPaginationItem-icon"
                data-testid="NavigateNextIcon"
                focusable="false"
                viewBox="0 0 24 24"
              >
                <path
                  d="M10 6L8.59 7.41 13.17 12l-4.58 4.59L10 18l6-6z"
                />
              </svg>
            </button>
          </li>
        </ul>
      </nav>
    </div>
  </body>,
  "container": <div>
    <nav
      aria-label="pagination navigation"
      class="MuiPagination-root MuiPagination-text  css-1oj2twp-MuiPagination-root"
    >
      <ul
        class="MuiPagination-ul  css-wjh20t-MuiPagination-ul"
      >
        <li>
          <button
            aria-label="Go to previous page"
            class="MuiButtonBase-root Mui-disabled  MuiPaginationItem-root MuiPaginationItem-sizeMedium MuiPaginationItem-text MuiPaginationItem-circular Mui-disabled MuiPaginationItem-previousNext  css-q7jpt8-MuiButtonBase-root-MuiPaginationItem-root"
            disabled=""
            tabindex="-1"
            type="button"
          >
            <svg
              aria-hidden="true"
              class="MuiSvgIcon-root MuiSvgIcon-fontSizeMedium  MuiPaginationItem-icon  css-l65soe-MuiSvgIcon-root-MuiPaginationItem-icon"
              data-testid="NavigateBeforeIcon"
              focusable="false"
              viewBox="0 0 24 24"
            >
              <path
                d="M15.41 7.41L14 6l-6 6 6 6 1.41-1.41L10.83 12z"
              />
            </svg>
          </button>
        </li>
        <li>
          <button
            aria-current="true"
            aria-label="page 1"
            class="MuiButtonBase-root  MuiPaginationItem-root MuiPaginationItem-sizeMedium MuiPaginationItem-text MuiPaginationItem-circular Mui-selected MuiPaginationItem-page  css-q7jpt8-MuiButtonBase-root-MuiPaginationItem-root"
            tabindex="0"
            type="button"
          >
            1
          </button>
        </li>
        <li>
          <button
            aria-label="Go to next page"
            class="MuiButtonBase-root Mui-disabled  MuiPaginationItem-root MuiPaginationItem-sizeMedium MuiPaginationItem-text MuiPaginationItem-circular Mui-disabled MuiPaginationItem-previousNext  css-q7jpt8-MuiButtonBase-root-MuiPaginationItem-root"
            disabled=""
            tabindex="-1"
            type="button"
          >
            <svg
              aria-hidden="true"
              class="MuiSvgIcon-root MuiSvgIcon-fontSizeMedium  MuiPaginationItem-icon  css-l65soe-MuiSvgIcon-root-MuiPaginationItem-icon"
              data-testid="NavigateNextIcon"
              focusable="false"
              viewBox="0 0 24 24"
            >
              <path
                d="M10 6L8.59 7.41 13.17 12l-4.58 4.59L10 18l6-6z"
              />
            </svg>
          </button>
        </li>
      </ul>
    </nav>
  </div>,
  "debug": [Function],
  "findAllByAltText": [Function],
  "findAllByDisplayValue": [Function],
  "findAllByLabelText": [Function],
  "findAllByPlaceholderText": [Function],
  "findAllByRole": [Function],
  "findAllByTestId": [Function],
  "findAllByText": [Function],
  "findAllByTitle": [Function],
  "findByAltText": [Function],
  "findByDisplayValue": [Function],
  "findByLabelText": [Function],
  "findByPlaceholderText": [Function],
  "findByRole": [Function],
  "findByTestId": [Function],
  "findByText": [Function],
  "findByTitle": [Function],
  "getAllByAltText": [Function],
  "getAllByDisplayValue": [Function],
  "getAllByLabelText": [Function],
  "getAllByPlaceholderText": [Function],
  "getAllByRole": [Function],
  "getAllByTestId": [Function],
  "getAllByText": [Function],
  "getAllByTitle": [Function],
  "getByAltText": [Function],
  "getByDisplayValue": [Function],
  "getByLabelText": [Function],
  "getByPlaceholderText": [Function],
  "getByRole": [Function],
  "getByTestId": [Function],
  "getByText": [Function],
  "getByTitle": [Function],
  "queryAllByAltText": [Function],
  "queryAllByDisplayValue": [Function],
  "queryAllByLabelText": [Function],
  "queryAllByPlaceholderText": [Function],
  "queryAllByRole": [Function],
  "queryAllByTestId": [Function],
  "queryAllByText": [Function],
  "queryAllByTitle": [Function],
  "queryByAltText": [Function],
  "queryByDisplayValue": [Function],
  "queryByLabelText": [Function],
  "queryByPlaceholderText": [Function],
  "queryByRole": [Function],
  "queryByTestId": [Function],
  "queryByText": [Function],
  "queryByTitle": [Function],
  "rerender": [Function],
  "unmount": [Function],
}
`;
